dlp55.deloitteresources.com.edgekey.net.
dlp55stg.deloitteresources.com.edgekey.net.
dpn.deloitteresources.com.edgekey.net.
wildcard.deloitteresources.com.edgekey.net.
ame1.deloitteonline.com.edgekey.net.
ame2.deloitteonline.com.edgekey.net.
san1.deloitte.edgekey.net.
wildcard.deloitte.com.edgekey.net.
wildcard.deloitte.com.edgekey.net.
wildcard.deloitte.com.edgekey.net.
apa.deloitteonline.com.edgekey.net.
san1.deloitte.edgekey.net.
appcenterfiles.deloitteresources.com.edgekey.net.
wildcard.deloitte.com.edgekey.net.
wildcard.deloitte.com.edgekey.net.
wildcard.deloitte.com.edgekey.net.
wildcard.deloitte.com.edgekey.net.
san5.deloitte.edgekey.net.
author.deloitte.com.edgekey.net.
wildcard.deloitte.com.edgekey.net.
wildcard.deloitte.com.edgekey.net.
authorqa.deloitte.com.edgekey.net.
authorstage.deloitte.com.edgekey.net.
wildcard.deloitte.com.edgekey.net.
bdtlfiles.deloitte.com.edgekey.net.
san5.deloitte.edgekey.net.
wildcard.deloitte.com.edgekey.net.
wildcard.deloitte.com.edgekey.net.
wildcard.deloitte.com.edgekey.net.
wildcard.deloitte.com.edgekey.net.
wildcard.deloitte.com.edgekey.net.
wildcard.deloitte.com.edgekey.net.
wildcard.deloitte.com.edgekey.net.
wildcard.deloitte.com.edgekey.net.
san5.deloitte.edgekey.net.
content0.deloitteresources.com.edgekey.net.
content2.deloitteresources.com.edgekey.net.
wildcard.deloitte.com.edgekey.net.
san3.deloitte.edgekey.net.
san2.deloitte.edgekey.net.
dccs.deloitteresources.com.edgekey.net.
app0714-prd-dep-trafficmanager.trafficmanager.net.
desc.deloitteresources.com.edgekey.net.
descadmin.deloitteresources.com.edgekey.net.
wildcard.deloitte.com.edgekey.net.
dlp.deloitteresources.com.edgekey.net.
dlpdelc.deloitteresources.com.edgekey.net.
drms.deloitteresources.com.edgekey.net.
san2.deloitte.edgekey.net.
san2.deloitte.edgekey.net.
san2.deloitte.edgekey.net.
wildcard.deloitte.com.edgekey.net.
wildcard.deloitte.com.edgekey.net.
wildcard.deloitte.com.edgekey.net.
ema.deloitteonline.com.edgekey.net.
san1.deloitte.edgekey.net.
er0.deloitteonline.com.edgekey.net.
er1.deloitteonline.com.edgekey.net.
er10.deloitteonline.com.edgekey.net.
er11.deloitteonline.com.edgekey.net.
er12.deloitteonline.com.edgekey.net.
er13.deloitteonline.com.edgekey.net.
er14.deloitteonline.com.edgekey.net.
er15.deloitteonline.com.edgekey.net.
er16.deloitteonline.com.edgekey.net.
er17.deloitteonline.com.edgekey.net.
er18.deloitteonline.com.edgekey.net.
er19.deloitteonline.com.edgekey.net.
er2.deloitteonline.com.edgekey.net.
er20.deloitteonline.com.edgekey.net.
er21.deloitteonline.com.edgekey.net.
er22.deloitteonline.com.edgekey.net.
er23.deloitteonline.com.edgekey.net.
er24.deloitteonline.com.edgekey.net.
er25.deloitteonline.com.edgekey.net.
er26.deloitteonline.com.edgekey.net.
er27.deloitteonline.com.edgekey.net.
er28.deloitteonline.com.edgekey.net.
er29.deloitteonline.com.edgekey.net.
er3.deloitteonline.com.edgekey.net.
er30.deloitteonline.com.edgekey.net.
er31.deloitteonline.com.edgekey.net.
er32.deloitteonline.com.edgekey.net.
er33.deloitteonline.com.edgekey.net.
er34.deloitteonline.com.edgekey.net.
er35.deloitteonline.com.edgekey.net.
er36.deloitteonline.com.edgekey.net.
er37.deloitteonline.com.edgekey.net.
er38.deloitteonline.com.edgekey.net.
er39.deloitteonline.com.edgekey.net.
er4.deloitteonline.com.edgekey.net.
er40.deloitteonline.com.edgekey.net.
er41.deloitteonline.com.edgekey.net.
er42.deloitteonline.com.edgekey.net.
er43.deloitteonline.com.edgekey.net.
er44.deloitteonline.com.edgekey.net.
er45.deloitteonline.com.edgekey.net.
er46.deloitteonline.com.edgekey.net.
er47.deloitteonline.com.edgekey.net.
er48.deloitteonline.com.edgekey.net.
er49.deloitteonline.com.edgekey.net.
er5.deloitteonline.com.edgekey.net.
er50.deloitteonline.com.edgekey.net.
er51.deloitteonline.com.edgekey.net.
er52.deloitteonline.com.edgekey.net.
er53.deloitteonline.com.edgekey.net.
er54.deloitteonline.com.edgekey.net.
er55.deloitteonline.com.edgekey.net.
er56.deloitteonline.com.edgekey.net.
er57.deloitteonline.com.edgekey.net.
er58.deloitteonline.com.edgekey.net.
er59.deloitteonline.com.edgekey.net.
er6.deloitteonline.com.edgekey.net.
er60.deloitteonline.com.edgekey.net.
er61.deloitteonline.com.edgekey.net.
er62.deloitteonline.com.edgekey.net.
er63.deloitteonline.com.edgekey.net.
er64.deloitteonline.com.edgekey.net.
er65.deloitteonline.com.edgekey.net.
er66.deloitteonline.com.edgekey.net.
er67.deloitteonline.com.edgekey.net.
er68.deloitteonline.com.edgekey.net.
er7.deloitteonline.com.edgekey.net.
er8.deloitteonline.com.edgekey.net.
er9.deloitteonline.com.edgekey.net.
wildcard.deloitte.com.edgekey.net.
san3.deloitte.edgekey.net.
san3.deloitte.edgekey.net.
wildcard.deloitteresources.com.edgekey.net.
wildcard.deloitte.com.edgekey.net.
san5.deloitte.edgekey.net.
san5.deloitte.edgekey.net.
san2.deloitte.edgekey.net.
san2.deloitte.edgekey.net.
d30s9gy85faqdx.cloudfront.net.
gims-uat-akamai.deloitte.com.edgekey.net.
wildcard.deloitte.com.edgekey.net.
san3.deloitte.edgekey.net.
wildcard.deloitteresources.com.edgekey.net.
san5.deloitte.edgekey.net.
app0734-prd-ifa-trafficmanager.trafficmanager.net.
wildcard.deloitte.com.edgekey.net.
san5.deloitte.edgekey.net.
legacydesc.deloitteresources.com.edgekey.net.
wildcard.deloitte.com.edgekey.net.
wildcard.deloitte.com.edgekey.net.
wildcard.deloitte.com.edgekey.net.
wildcard.deloitte.com.edgekey.net.
san2.deloitte.edgekey.net.
dsfstgna-a8hndpbpc0fceygj.z01.azurefd.net.
oimbobjqa40.deloitteresources.com.edgekey.net.
dpn.deloitteresources.com.edgekey.net.
plpapi.deloitteresources.com.edgekey.net.
plpproxy.deloitteresources.com.edgekey.net.
plpui.deloitteresources.com.edgekey.net.
wildcard.deloitte.com.edgekey.net.
dpn.deloitteresources.com.edgekey.net.
san5.deloitte.edgekey.net.
san5.deloitte.edgekey.net.
rdwblock.deloitte.com.edgekey.net.
wildcard.deloitte.com.edgekey.net.
dpn.deloitteresources.com.edgekey.net.
wildcard.deloitteresources.com.edgekey.net.
wildcard.deloitteresources.com.edgekey.net.
wildcard.deloitteresources.com.edgekey.net.
wildcard.deloitteresources.com.edgekey.net.
wildcard.deloitteresources.com.edgekey.net.
wildcard.deloitteresources.com.edgekey.net.
wildcard.deloitteresources.com.edgekey.net.
wildcard.deloitteresources.com.edgekey.net.
san3.deloitte.edgekey.net.
sdtlfiles.deloitteresources.com.edgekey.net.
wildcard.deloitteresources.com.edgekey.net.
wildcard.deloitte.com.edgekey.net.
wildcard.deloitteresources.com.edgekey.net.
wildcard.deloitteresources.com.edgekey.net.
wildcard.deloitteresources.com.edgekey.net.
wildcard.deloitteresources.com.edgekey.net.
wildcard.deloitteresources.com.edgekey.net.
wildcard.deloitteresources.com.edgekey.net.
wildcard.deloitteresources.com.edgekey.net.
san2.deloitte.com.edgekey.net.
stageakamaiplp.deloitteresources.com.edgekey.net.
san1.deloitte.edgekey.net.
san1.deloitte.edgekey.net.
wildcard.deloitte.com.edgekey.net.
stagecfolens.deloitte.com.00dj0000001njvkeam.live.siteforce.com.
san2.deloitte.edgekey.net.
san2.deloitte.edgekey.net.
san1.deloitte.edgekey.net.
san2.deloitte.edgekey.net.
san2.deloitte.edgekey.net.
san2.deloitte.edgekey.net.
san2.deloitte.edgekey.net.
wildcard.deloitte.com.edgekey.net.
stagemyinsight.azurefd.net.
wildcard.deloitteresources.com.edgekey.net.
san2.deloitte.edgekey.net.
san2.deloitte.edgekey.net.
wildcard.deloitteresources.com.edgekey.net.
san2.deloitte.edgekey.net.
san5.deloitte.edgekey.net.
san2.deloitte.edgekey.net.
san5.deloitte.edgekey.net.
san5.deloitte.edgekey.net.
wildcard.deloitte.com.edgekey.net.
uatdccs.deloitteresources.com.edgekey.net.
uatdrms.deloitteresources.com.edgekey.net.
san5.deloitte.edgekey.net.
wildcard.deloitte.com.edgekey.net.
app0452-prod-valued-trafficmanager.trafficmanager.net.
san3.deloitte.edgekey.net.
san7.deloitte.edgekey.net.
san3.deloitte.edgekey.net.
san5.deloitte.edgekey.net.
san3.deloitte.edgekey.net.
san3.deloitte.edgekey.net.
san3.deloitte.edgekey.net.
san3.deloitte.edgekey.net.
san3.deloitte.edgekey.net.
san3.deloitte.edgekey.net.
san3.deloitte.edgekey.net.
san5.deloitte.edgekey.net.
san3.deloitte.edgekey.net.
san3.deloitte.edgekey.net.
san6.deloitte.edgekey.net.
san3.deloitte.edgekey.net.
san3.deloitte.edgekey.net.
san3.deloitte.edgekey.net.
san3.deloitte.edgekey.net.
san3.deloitte.edgekey.net.
san3.deloitte.edgekey.net.
deloitte.france.redirects.edgekey.net.
deloitte.france.redirects.edgekey.net.
deloitte.france.redirects.edgekey.net.
deloitte.france.redirects.edgekey.net.
deloitte.france.redirects.edgekey.net.
deloitte.france.redirects.edgekey.net.
deloitte.france.redirects.edgekey.net.
deloitte.france.redirects.edgekey.net.
san3.deloitte.edgekey.net.
san5.deloitte.edgekey.net.
san5.deloitte.edgekey.net.
san5.deloitte.edgekey.net.
san1.deloitte.edgekey.net.
san5.deloitte.edgekey.net.
san5.deloitte.edgekey.net.
san5.deloitte.edgekey.net.
san5.deloitte.edgekey.net.
san5.deloitte.edgekey.net.
san5.deloitte.edgekey.net.
san5.deloitte.edgekey.net.
san5.deloitte.edgekey.net.
san3.deloitte.edgekey.net.
san5.deloitte.edgekey.net.
san5.deloitte.edgekey.net.
san5.deloitte.edgekey.net.
san5.deloitte.edgekey.net.
san5.deloitte.edgekey.net.
san5.deloitte.edgekey.net.
san5.deloitte.edgekey.net.
san5.deloitte.edgekey.net.
san5.deloitte.edgekey.net.
san5.deloitte.edgekey.net.
san5.deloitte.edgekey.net.
san5.deloitte.edgekey.net.
san5.deloitte.edgekey.net.
san5.deloitte.edgekey.net.
san5.deloitte.edgekey.net.
san5.deloitte.edgekey.net.
san5.deloitte.edgekey.net.
wildcard.deloitte.com.edgekey.net.
wildcard.deloitte.com.edgekey.net.
san3.deloitte.edgekey.net.
san7.deloitte.edgekey.net.
san3.deloitte.edgekey.net.
san3.deloitte.edgekey.net.
san7.deloitte.edgekey.net.
san3.deloitte.edgekey.net.
san3.deloitte.edgekey.net.
san1.deloitte.edgekey.net.
wwwstage.tohmatsu.com.edgekey.net.
