akamaidlp55.deloitteresources.com.
akamaidlp55stg.deloitteresources.com.
akamaidpn.deloitteresources.com.
akapoc.deloitteresources.com.
ame1.deloitteonline.com.
ame2.deloitteonline.com.
americas.internal.deloitteonline.com.
ampmstage.deloitte.com.
ampmtrain.deloitte.com.
analytics-blog.deloitte.com.
apa.deloitteonline.com.
apac.internal.deloitteonline.com.
appcenterfiles.deloitteresources.com.
assetshare.deloitte.com.
assetshare-dev.deloitte.com.
assetshare-qa.deloitte.com.
assetshare-stage.deloitte.com.
audit16.eu.deloitteonline.com.
author.deloitte.com.
authordev.deloitte.com.
authormig.deloitte.com.
authorqa.deloitte.com.
authorstage.deloitte.com.
avocats.deloitte.com.
bdtlfiles.deloitte.com.
blog.deloitte.co.nz.
blogs.deloitte.com.
capitalhblog.deloitte.com.
careers.deloitte.com.
cdn.deloitte.com.
cmo.deloitte.com.
cmoiqa.deloitte.com.
cmoqa.deloitte.com.
cmostage.deloitte.com.
consulting16.eu.deloitteonline.com.
content0.deloitteresources.com.
content2.deloitteresources.com.
corpgov.deloitte.com.
corpgov.deloitte.in.
cs.tax.deloitteonline.com.
dccs.deloitteresources.com.
dep.deloitteresources.com.
desc.deloitteresources.com.
descadmin.deloitteresources.com.
digital-oil-and-gas.deloitte.com.
dlp.deloitteresources.com.
dlpdelc.deloitteresources.com.
drms.deloitteresources.com.
dti.tax.deloitteonline.com.
dti2.tax.deloitteonline.com.
dtitiles.tax.deloitteonline.com.
dupress.deloitte.com.
dupressqa.deloitte.com.
dupressstage.deloitte.com.
ema.deloitteonline.com.
emea.internal.deloitteonline.com.
er0.deloitteonline.com.
er1.deloitteonline.com.
er10.deloitteonline.com.
er11.deloitteonline.com.
er12.deloitteonline.com.
er13.deloitteonline.com.
er14.deloitteonline.com.
er15.deloitteonline.com.
er16.deloitteonline.com.
er17.deloitteonline.com.
er18.deloitteonline.com.
er19.deloitteonline.com.
er2.deloitteonline.com.
er20.deloitteonline.com.
er21.deloitteonline.com.
er22.deloitteonline.com.
er23.deloitteonline.com.
er24.deloitteonline.com.
er25.deloitteonline.com.
er26.deloitteonline.com.
er27.deloitteonline.com.
er28.deloitteonline.com.
er29.deloitteonline.com.
er3.deloitteonline.com.
er30.deloitteonline.com.
er31.deloitteonline.com.
er32.deloitteonline.com.
er33.deloitteonline.com.
er34.deloitteonline.com.
er35.deloitteonline.com.
er36.deloitteonline.com.
er37.deloitteonline.com.
er38.deloitteonline.com.
er39.deloitteonline.com.
er4.deloitteonline.com.
er40.deloitteonline.com.
er41.deloitteonline.com.
er42.deloitteonline.com.
er43.deloitteonline.com.
er44.deloitteonline.com.
er45.deloitteonline.com.
er46.deloitteonline.com.
er47.deloitteonline.com.
er48.deloitteonline.com.
er49.deloitteonline.com.
er5.deloitteonline.com.
er50.deloitteonline.com.
er51.deloitteonline.com.
er52.deloitteonline.com.
er53.deloitteonline.com.
er54.deloitteonline.com.
er55.deloitteonline.com.
er56.deloitteonline.com.
er57.deloitteonline.com.
er58.deloitteonline.com.
er59.deloitteonline.com.
er6.deloitteonline.com.
er60.deloitteonline.com.
er61.deloitteonline.com.
er62.deloitteonline.com.
er63.deloitteonline.com.
er64.deloitteonline.com.
er65.deloitteonline.com.
er66.deloitteonline.com.
er67.deloitteonline.com.
er68.deloitteonline.com.
er7.deloitteonline.com.
er8.deloitteonline.com.
er9.deloitteonline.com.
erdc.deloitte.com.
erdc.deloittedigital.com.
eu.deloittedigital.com.
eu3p1.deloitteresources.com.
exploreap.deloitte.com.
fa.eu.deloitteonline.com.
fa16.eu.deloitteonline.com.
ges.tax.deloitteonline.com.
ges2.tax.deloitteonline.com.
gims-uat.deloitte.com.
gims-uat-akamai.deloitte.com.
globalblogs.deloitte.com.
government-2020.dupress.com.
gsswebtest.deloitteresources.com.
home16.eu.deloitteonline.com.
ifa.deloitteresources.com.
innovation-in-manufacturing.deloitte.com.
internal16.eu.deloitteonline.com.
legacydesc.deloitteresources.com.
mfg-innovation.deloitte.com.
migration.deloitte.com.
mycareer.deloitte.com.
mydev.deloitte.com.
myinsight2.tax.deloitteonline.com.
na.stage.dsf.deloitte.com.
oimbobjqa40.deloitteresources.com.
people.deloitteresources.com.
plpapi.deloitteresources.com.
plpproxy.deloitteresources.com.
plpui.deloitteresources.com.
processxray.deloitte.com.
profilephoto.deloitteresources.com.
ra.eu.deloitteonline.com.
ra16.eu.deloitteonline.com.
rdwblock.deloitte.com.
regminer.deloitte.com.
resumes.deloitteresources.com.
rmss.deloitteresources.com.
rpm.deloitteresources.com.
rpmcoach.deloitteresources.com.
rpmstage.deloitteresources.com.
rpmtrain.deloitteresources.com.
sabacloud.deloitteresources.com.
sabacloud-api.deloitteresources.com.
sabacloudio.deloitteresources.com.
sancertificate.deloittedigital.com.
sdtlfiles.deloitteresources.com.
search.deloitteresources.com.
smartcity.deloitte.com.
sr-akamai-dc-pointer-adc.deloitteresources.com.
sr-akamai-dc-pointer-hdc.deloitteresources.com.
sr-akamai-dc-pointer-ldk.deloitteresources.com.
sr-akamai-dc-pointer-lpr.deloitteresources.com.
staffitgw.deloitteresources.com.
staffitnw.deloitteresources.com.
staffits4.deloitteresources.com.
stage.csf.cyber.deloitte.com.
stageakamaiplp.deloitteresources.com.
stageamericas.internal.deloitteonline.com.
stageapac.internal.deloitteonline.com.
stagecdn.deloitte.com.
stagecfolens.deloitte.com.
stagecs.tax.deloitteonline.com.
stagedtitiles.tax.deloitteonline.com.
stageemea.internal.deloitteonline.com.
stageges.tax.deloitteonline.com.
stageges2.tax.deloitteonline.com.
stageinsight.tax.deloitteonline.com.
stageinsight2.tax.deloitteonline.com.
stageismart2.deloitte.com.
stagemyinsight.tax.deloitteonline.com.
stagermss.deloitteresources.com.
stageta.tax.deloitteonline.com.
stageteam.tax.deloitteonline.com.
static-sabacloud.deloitteresources.com.
ta.tax.deloitteonline.com.
tax16.eu.deloitteonline.com.
team.tax.deloitteonline.com.
templates.eu.deloitteonline.com.
templates16.eu.deloitteonline.com.
totalmandasolution.deloitte.com.
uatdccs.deloitteresources.com.
uatdrms.deloitteresources.com.
uber.deloittedigital.com.
userfriendly.deloitte.com.
valued.deloitte.com.
www.atadata.com.
www.avocats.deloitte.com.
www.businesschemistryblog.com.
www.capitalhblog.deloitte.com.
www.caseyquirk.biz.
www.caseyquirk.co.
www.caseyquirk.co.uk.
www.caseyquirk.com.
www.caseyquirk.info.
www.caseyquirk.net.
www.caseyquirk.us.
www.corpgov.deloitte.com.
www.corpgov.deloitte.in.
www.deloitte.in.
www.deloittedigital.ca.
www.deloitteexperienceservices.com.
www.deloitteinsights.com.
www.deloittelegal.gr.
www.deloitteprivate.co.nz.
www.deloittetaxlaw.ca.
www.dupress.com.
www.equationdelaconfiance.com.
www.equation-de-la-confiance.com.
www.equationdelaconfiance.fr.
www.equation-de-la-confiance.fr.
www.equationdelaconfiance.net.
www.equation-de-la-confiance.net.
www.equationdelaconfiance.org.
www.equation-de-la-confiance.org.
www.fast50.co.nz.
www.health.deloitte.
www.healthcare.deloitte.
www.laga.be.
www.nic.deloitte.
www.premieralliance.com.
www.r00t9b.com.
www.r00t9b.dev.
www.r00t9b.io.
www.r9b.com.
www.r9b.dev.
www.r9b.io.
www.r9b.org.
www.regpulseblog.com.
www.root9b.biz.
www.root9b.co.
www.root9b.co.in.
www.root9b.com.
www.root9b.com.cn.
www.root9b.dev.
www.root9b.in.
www.root9b.info.
www.root9b.io.
www.root9b.mobi.
www.root9b.net.
www.root9b.net.cn.
www.root9b.org.
www.root9b.org.cn.
www.root9b.us.
www.ubermind.com.
www.workforce.deloitte.
www2dev.deloitte.com.
wwwdev.deloitte.com.
wwwdev.deloittedigital.com.
wwwqa.avocats.deloitte.com.
wwwqa.deloittelegal.gr.
wwwqa.deloittetaxlaw.ca.
wwwstage.avocats.deloitte.com.
wwwstage.deloittelegal.gr.
wwwstage.deloittetaxlaw.ca.
wwwstage.nic.deloitte.
wwwstage.tohmatsu.com.
